ERROR: Unable to locate a modulefile for 'perf'
[ 16%] Building CXX object CMakeFiles/md_serial.dir/src/forces.cpp.o
[ 33%] Linking CXX executable md_serial
[100%] Built target md_serial
n: 128
sigma: 1
min_dist: 1.2
temp: 1
Kb: 1
dt: 0.01
bond_strength: 1
cutoff_dist: 1
Area: 50x50

 Performance counter stats for 'build/md_serial grid --constant-temp --write 128 1.0 1.2 1.0 1.0 0.01 1.0 1.0 50.0 50.0':

            59,899      cache-misses:u            #    0.477 % of all cache refs      (27.18%)
        12,545,481      cache-references:u                                            (26.19%)
    77,272,715,508      cycles:u                                                      (24.19%)
   138,852,422,538      instructions:u            #    1.80  insn per cycle           (35.71%)

      62.125505490 seconds time elapsed

      27.704951000 seconds user
       5.022970000 seconds sys


