ERROR: Unable to locate a modulefile for 'perf'
-- Configuring done (0.0s)
-- Generating done (0.5s)
-- Build files have been written to: /home/Student/s4882205/project/lennard-jones-molecular-dynamics/build
[ 16%] Building CXX object CMakeFiles/md_serial.dir/src/main.cpp.o
[ 33%] Building CXX object CMakeFiles/md_serial.dir/src/system.cpp.o
[ 50%] Building CXX object CMakeFiles/md_serial.dir/src/forces.cpp.o
[ 66%] Building CXX object CMakeFiles/md_serial.dir/src/integrate.cpp.o
[ 83%] Building CXX object CMakeFiles/md_serial.dir/src/io.cpp.o
[100%] Linking CXX executable md_serial
[100%] Built target md_serial
n: 128
sigma: 1
min_dist: 1.2
temp: 1
Kb: 1
dt: 0.01
bond_strength: 1
cutoff_dist: 1
Area: 50x50

 Performance counter stats for 'build/md_serial grid --constant-temp --write 128 1.0 1.2 1.0 1.0 0.01 1.0 1.0 50.0 50.0':

             1,812      cache-misses:u            #    0.018 % of all cache refs      (26.92%)
        10,090,552      cache-references:u                                            (25.96%)
   133,054,198,028      cycles:u                                                      (24.04%)
   227,314,004,917      instructions:u            #    1.71  insn per cycle           (35.58%)

      55.823373165 seconds time elapsed

      48.613975000 seconds user
       5.156472000 seconds sys


